[debug] [2026-08-25T15:00:13.486Z] ----------------------------------------------------------------------
[debug] [2026-08-25T15:00:13.489Z] Command:       C:\Program Files\nodejs\node.exe C:\Users\bhanu\AppData\Roaming\npm\node_modules\firebase-tools\lib\bin\firebase.js login
[debug] [2026-08-25T15:00:13.489Z] CLI Version:   15.25.1
[debug] [2026-08-25T15:00:13.489Z] Platform:      win32
[debug] [2026-08-25T15:00:13.489Z] Node Version:  v26.5.0
[debug] [2026-08-25T15:00:13.489Z] Detected Agent: unknown
[debug] [2026-08-25T15:00:13.489Z] Time:          Tue Aug 25 2026 20:30:13 GMT+0530 (India Standard Time)
[debug] [2026-08-25T15:00:13.489Z] ----------------------------------------------------------------------
[debug] 
[debug] [2026-08-25T15:00:13.501Z] >>> [apiv2][query] GET https://firebase-public.firebaseio.com/cli.json [none]
[info] Already logged in as 404dsatracker@gmail.com
[debug] [2026-08-25T15:00:21.081Z] <<< [apiv2][status] GET https://firebase-public.firebaseio.com/cli.json 200
[debug] [2026-08-25T15:00:21.081Z] <<< [apiv2][body] GET https://firebase-public.firebaseio.com/cli.json {"cloudBuildErrorAfter":1594252800000,"cloudBuildWarnAfter":1590019200000,"defaultNode10After":1594252800000,"minVersion":"3.0.5","node8DeploysDisabledAfter":1613390400000,"node8RuntimeDisabledAfter":1615809600000,"node8WarnAfter":1600128000000}
[debug] [2026-08-25T15:00:23.731Z] Error: Timed out.
    at Timeout._onTimeout (C:\Users\bhanu\AppData\Roaming\npm\node_modules\firebase-tools\lib\utils.js:296:49)
    at listOnTimeout (node:internal/timers:635:17)
    at process.processTimers (node:internal/timers:571:7)
[error] 
[error] Error: An unexpected error has occurred.
[debug] [2026-08-25T15:00:28.446Z] ----------------------------------------------------------------------
[debug] [2026-08-25T15:00:28.449Z] Command:       C:\Program Files\nodejs\node.exe C:\Users\bhanu\AppData\Roaming\npm\node_modules\firebase-tools\lib\bin\firebase.js deploy --only functions
[debug] [2026-08-25T15:00:28.450Z] CLI Version:   15.25.1
[debug] [2026-08-25T15:00:28.450Z] Platform:      win32
[debug] [2026-08-25T15:00:28.450Z] Node Version:  v26.5.0
[debug] [2026-08-25T15:00:28.450Z] Detected Agent: unknown
[debug] [2026-08-25T15:00:28.450Z] Time:          Tue Aug 25 2026 20:30:28 GMT+0530 (India Standard Time)
[debug] [2026-08-25T15:00:28.450Z] ----------------------------------------------------------------------
[debug] 
[debug] [2026-08-25T15:00:41.515Z] Error: Timed out.
    at Timeout._onTimeout (C:\Users\bhanu\AppData\Roaming\npm\node_modules\firebase-tools\lib\utils.js:296:49)
    at listOnTimeout (node:internal/timers:635:17)
    at process.processTimers (node:internal/timers:571:7)
[error] 
[error] Error: An unexpected error has occurred.
